__start:
__text_start:
      2C E5CF      LDI	R28,0x5F
      2D E0D4      LDI	R29,4
      2E BFCD      OUT	0x3D,R28
      2F BFDE      OUT	0x3E,R29
      30 51C0      SUBI	R28,0x10
      31 40D0      SBCI	R29,0
      32 EA0A      LDI	R16,0xAA
      33 8308      STD	Y+0,R16
      34 2400      CLR	R0
      35 E6E4      LDI	R30,0x64
      36 E0F0      LDI	R31,0
      37 E010      LDI	R17,0
      38 36E4      CPI	R30,0x64
      39 07F1      CPC	R31,R17
      3A F011      BEQ	0x003D
      3B 9201      ST	R0,Z+
      3C CFFB      RJMP	0x0038
      3D 8300      STD	Z+0,R16
      3E E5E4      LDI	R30,0x54
      3F E0F0      LDI	R31,0
      40 E6A0      LDI	R26,0x60
      41 E0B0      LDI	R27,0
      42 E010      LDI	R17,0
      43 E000      LDI	R16,0
      44 BF0B      OUT	0x3B,R16
      45 35E8      CPI	R30,0x58
      46 07F1      CPC	R31,R17
      47 F021      BEQ	0x004C
      48 95C8      LPM
      49 9631      ADIW	R30,1
      4A 920D      ST	R0,X+
      4B CFF9      RJMP	0x0045
      4C 940E 005A CALL	_main
_exit:
      4E CFFF      RJMP	_exit
FILE: D:\工作\制版成功\YL-60A~2\YL-60A~2\4.相关例程\23.步进电机\步进电机.c
(0001) /******************************************************************************/
(0002) /*【编写时间】： 2011.07.07
(0003) * 【作    者】： 雁翎电子
(0004) * 【版    本】： V1.0
(0005) * 【网    站】： http://ylelectronic.taobao.com/ 
(0006) * 【Q      Q】： 348439350
(0007) * 【编译环境】： ICCAVR  
(0008) * 【函数功能】： 步进电机试验
(0009) * 【晶    振】:  8M		
(0010) * 【芯    片】:  ATMEGA16A	 
(0011) * 【硬件连接】： J1短路帽接上               
(0012) /******************************************************************************/
(0013) 
(0014)  #define uchar unsigned char
(0015)  #define uint unsigned int
(0016)  #define Set_Bit(val, bitn)    (val |=(1<<(bitn))) 
(0017)  #define Clr_Bit(val, bitn)    (val&=~(1<<(bitn)))
(0018)  #include <iom16v.h>
(0019)  #include <macros.h> 	
(0020) uchar TAB[4]={0x04,0x01,0x08,0x02};
(0021) void delay(void)
(0022)  {
(0023) 	uchar i,j;
(0024) 	for(i=0;i<20;i++)
_delay:
  i                    --> R16
  j                    --> R18
      4F 2700      CLR	R16
      50 C006      RJMP	0x0057
(0025) 	for(j=0;j<255;j++);
      51 2722      CLR	R18
      52 C001      RJMP	0x0054
      53 9523      INC	R18
      54 3F2F      CPI	R18,0xFF
      55 F3E8      BCS	0x0053
      56 9503      INC	R16
      57 3104      CPI	R16,0x14
      58 F3C0      BCS	0x0051
      59 9508      RET
(0026) }
(0027) 
(0028) void main(void)
(0029) {
(0030) 	uchar a,b;
(0031) 	DDRB=0XFF;
_main:
  b                    --> R20
  a                    --> R22
      5A EF8F      LDI	R24,0xFF
      5B BB87      OUT	0x17,R24
(0032) 	PORTB=0XFF;	    
      5C BB88      OUT	0x18,R24
(0033)     for(b=0;b<50;b++)
      5D 2744      CLR	R20
      5E C00F      RJMP	0x006E
(0034) 		    {
(0035) 		       for(a=0;a<4;a++)
      5F 2766      CLR	R22
      60 C00A      RJMP	0x006B
(0036) 			   {
(0037) 		        PORTB=TAB[a];
      61 E680      LDI	R24,0x60
      62 E090      LDI	R25,0
      63 2FE6      MOV	R30,R22
      64 27FF      CLR	R31
      65 0FE8      ADD	R30,R24
      66 1FF9      ADC	R31,R25
      67 8020      LDD	R2,Z+0
      68 BA28      OUT	0x18,R2
(0038) 		        delay();
      69 DFE5      RCALL	_delay
      6A 9563      INC	R22
      6B 3064      CPI	R22,4
      6C F3A0      BCS	0x0061
      6D 9543      INC	R20
      6E 3342      CPI	R20,0x32
      6F F378      BCS	0x005F
(0039) 			   }
(0040) 	   	    }
(0041) 			PORTB=0xff;
      70 EF8F      LDI	R24,0xFF
      71 BB88      OUT	0x18,R24
(0042) 			 while(1);
FILE: <library>
      72 CFFF      RJMP	0x0072
      73 9508      RET
