C51 COMPILER V9.00   0                                                                     08/10/2012 17:58:09 PAGE 1   


C51 COMPILER V9.00, COMPILATION OF MODULE 0
OBJECT MODULE PLACED IN 0.OBJ
COMPILER INVOKED BY: D:\安装软件\keil 51\C51\BIN\C51.EXE 0.c BROWSE DEBUG OBJECTEXTEND

line level    source

   1          /************************************************************************
   2          * 【编写时间】： 2011.07.07
   3          * 【作    者】： 雁翎电子
   4          * 【版    本】： V1.0
   5          * 【网    站】： http://ylelectronic.taobao.com/ 
   6          * 【Q      Q】： 348439350
   7                                                          
   8          *************************************************************************
   9          程序功能：              该程序通过两个延时函数的不同效果，给同学们关于不同函数类型
  10                                          的数据间差异提供一感性认识。
  11                                          下载程序后，会发现八位发光二极管被点亮的时间很短，而熄灭的
  12                                          时间很长。
  13          ************************************************************************/
  14          
  15          #include<reg52.h>
  16          
  17          void delaychar()
  18          {
  19   1              unsigned char m,n;         
  20   1              for(m=255;m>0;m--)         //unsigned char型的变量，最大值可以取到255
  21   1                      for(n=10;n>0;n--); //故这种变量延时不会太长
  22   1      }
  23          
  24          void delayint()
  25          {
  26   1              unsigned char n;
  27   1              unsigned int m;
  28   1              for(m=65535;m>0;m--)  //unsigned int型的变量，最大值可以取到65535
  29   1                      for(n=10;n>0;n--);//故这种变量，延时的长度会比前者大。
  30   1      }
  31          
  32          void main()
  33          {
  34   1              while(1)
  35   1              {
  36   2                      P1=0X00;         //当函数运行到此处时，八个二极管被点亮。
  37   2                      delaychar(); //这是点亮持续的时间。
  38   2                      P1=0xff;         //当函数运行到此处时，八个二极管被熄灭。
  39   2                      delayint();      //这是熄灭的持续时间。
  40   2              }
  41   1      }
  42          //编程时，关于某变量数值类型的选择，一边参照它可能取得的最大数值。
  43          //能定义为char型的变量，就不要定义成int型，因为当定义为int型时，
  44          //程序就会在单片机的存储区中腾出两个字节的位置来存储此变量，而单片机的
  45          //存储空间毕竟是比较有限的。故一般不要随便浪费空间。


MODULE INFORMATION:   STATIC OVERLAYABLE
   CODE SIZE        =     41    ----
   CONSTANT SIZE    =   ----    ----
   XDATA SIZE       =   ----    ----
   PDATA SIZE       =   ----    ----
   DATA SIZE        =   ----    ----
   IDATA SIZE       =   ----    ----
   BIT SIZE         =   ----    ----
C51 COMPILER V9.00   0                                                                     08/10/2012 17:58:09 PAGE 2   

END OF MODULE INFORMATION.


C51 COMPILATION COMPLETE.  0 WARNING(S),  0 ERROR(S)
