C51 COMPILER V9.00   KEY_CONTROL_PWM_LED                                                   11/16/2011 21:55:18 PAGE 1   


C51 COMPILER V9.00, COMPILATION OF MODULE KEY_CONTROL_PWM_LED
OBJECT MODULE PLACED IN KEY-CONTROL-PWM-LED.OBJ
COMPILER INVOKED BY: E:\安装软件\keil-51\C51\BIN\C51.EXE KEY-CONTROL-PWM-LED.c BROWSE DEBUG OBJECTEXTEND

line level    source

   1          /*********************************************************************************
   2          * 【编写时间】： 2011.07.07
   3          * 【作    者】： 雁翎电子
   4          * 【版    本】： V1.0
   5          * 【网    站】： http://ylelectronic.taobao.com/ 
   6          * 【Q      Q】： 348439350
   7          * 【声    明】： 此程序仅用于学习与参考，引用请注明版权和作者信息！
   8          * 【函数功能】： PWM 控制 LED 灯渐亮渐灭程序                                                                                
   9          * 【使用说明】： 
  10                                           晶振为11.0592M
  11                                           利用定时器控制产生占空比可变的 PWM 波
  12                                           按K3，PWM值增加，则占空比减小,LED 灯渐亮
  13                                           按K4，PWM值减小，则占空比增加,LED 灯渐暗
  14                                           当PWM值增加到最大值或减小到最小值时，蜂鸣器将报警
  15          **********************************************************************************/
  16          
  17          #include<reg51.h>
  18          #include<intrins.h>
  19          
  20          sbit  K1 =P3^4 ;           //PWM值增加键
  21          sbit  K2 =P3^5;           //PWM值减少键
  22          sbit  BEEP =P0^4;         //蜂鸣器
  23          unsigned char PWM=0x7f ;   //赋初值
  24          
  25          void Beep();
  26          void delayms(unsigned char ms);
  27          void delay(unsigned char t);
  28          
  29          /*********************************************************/
  30          void main()
  31          {   
  32   1          P1=0xff;
  33   1          TMOD=0x21 ;
  34   1              TH0=0xfc ;           //1ms延时常数
  35   1          TL0=0x66 ;           //频率调节
  36   1      
  37   1          TH1=PWM ;            //脉宽调节
  38   1          TL1=0 ;
  39   1      
  40   1              EA=1;
  41   1              ET0=1;
  42   1              ET1=1;
  43   1          
  44   1          TR0=1 ;
  45   1      
  46   1         while(1)
  47   1         {
  48   2              do{
  49   3                  if(PWM!=0xff)
  50   3                        {PWM++ ;delayms(10);}
  51   3              else Beep() ; 
  52   3                }
  53   2          while(K1==0);
  54   2      
  55   2              do{
C51 COMPILER V9.00   KEY_CONTROL_PWM_LED                                                   11/16/2011 21:55:18 PAGE 2   

  56   3            if(PWM!=0x02)
  57   3                  {PWM-- ;delayms(10);}
  58   3            else Beep() ; 
  59   3                }
  60   2          while(K2==0);
  61   2        }
  62   1      }
  63          
  64          /*********************************************************/
  65          // 定时器0中断服务程序  （频率）
  66          /*********************************************************/
  67          void timer0() interrupt 1 
  68          {  
  69   1          TR1=0 ;
  70   1          TH0=0xfc ;
  71   1          TL0=0x66 ;
  72   1          TH1=PWM ;
  73   1          TR1=1 ;
  74   1          P1=0x00 ;      //启动输出
  75   1      }
  76          
  77          /*********************************************************/
  78          // 定时器1中断服务程序 （脉宽）
  79          /*********************************************************/
  80          void timer1() interrupt 3 
  81          { 
  82   1          TR1=0 ;
  83   1          P1=0xff ;     //结束输出
  84   1      }
  85          
  86          /*********************************************************/
  87          //蜂鸣器子程序
  88          /*********************************************************/
  89          
  90          void Beep()     
  91            {
  92   1          unsigned char i  ;
  93   1          for (i=0  ;i<100  ;i++)
  94   1            {
  95   2              delay(100)  ;
  96   2              BEEP=!BEEP  ;                //Beep取反
  97   2            } 
  98   1          BEEP=1  ;                        //关闭蜂鸣器
  99   1              delayms(100);
 100   1        } 
 101          
 102          /*********************************************************/
 103          // 延时子程序
 104          /*********************************************************/  
 105          void delay(unsigned char t)
 106           { 
 107   1         while(t--)   ;
 108   1       }
 109          
 110          /*********************************************************/
 111          // 延时子程序
 112          /*********************************************************/
 113          void delayms(unsigned char ms) 
 114          
 115          {
 116   1         unsigned char i ;
 117   1         while(ms--)
C51 COMPILER V9.00   KEY_CONTROL_PWM_LED                                                   11/16/2011 21:55:18 PAGE 3   

 118   1          {
 119   2            for(i = 0 ; i < 120 ; i++) ;
 120   2          }
 121   1      }
 122          
 123          /*********************************************************/


MODULE INFORMATION:   STATIC OVERLAYABLE
   CODE SIZE        =    143    ----
   CONSTANT SIZE    =   ----    ----
   XDATA SIZE       =   ----    ----
   PDATA SIZE       =   ----    ----
   DATA SIZE        =      1       1
   IDATA SIZE       =   ----    ----
   BIT SIZE         =   ----    ----
END OF MODULE INFORMATION.


C51 COMPILATION COMPLETE.  0 WARNING(S),  0 ERROR(S)
